// Jest Snapshot v1, https://goo.gl/fbAQLP

exports[`Http when endpoint missing then returns an error 1`] = `"received is not a function"`;
