// Jest Snapshot v1, https://goo.gl/fbAQLP

exports[`City should initialize 1`] = `LocationCitySummary {}`;
