// Jest Snapshot v1, https://goo.gl/fbAQLP

exports[`Property should initalize 1`] = `
SummaryProperty {
  "data": Object {
    "FSID": 100032470544,
    "results": Object {
      "firstFloodRisk": Object {
        "floodID": "kt",
        "year": 2018,
      ***REMOVED***,
      "floodRisks": Array [
        Object {
          "floodID": Array [
            "em",
            "kt",
            "c5",
            "c3",
            "c1",
          ],
          "year": 2023,
        ***REMOVED***,
        Object {
          "floodID": Array [
            "em",
            "kt",
            "c5",
            "c3",
            "c1",
          ],
          "year": 2028,
        ***REMOVED***,
        Object {
          "floodID": Array [
            "em",
            "kt",
            "c5",
            "c3",
            "c1",
          ],
          "year": 2033,
        ***REMOVED***,
        Object {
          "floodID": Array [
            "em",
            "kt",
            "c5",
            "c3",
            "c1",
          ],
          "year": 2018,
        ***REMOVED***,
      ],
      "location": Object {
        "FSID": 100032470544,
        "city": Object {
          "FSID": 1222175,
          "Name": "Fernandina Beach",
        ***REMOVED***,
        "countyFips": 10003,
        "distance": 0,
        "elevation": 1085,
        "femaZone": null,
        "floorArea": 2228,
        "geometry": Object {
          "bounds": Object {
            "coordinates": Array [
              Array [
                Array [
                  -75.6456815054783,
                  39.4418499120952,
                ],
                Array [
                  -75.6451478217579,
                  39.4418499120952,
                ],
                Array [
                  -75.6451478217579,
                  39.4421122701503,
                ],
                Array [
                  -75.6456815054783,
                  39.4421122701503,
                ],
                Array [
                  -75.6456815054783,
                  39.4418499120952,
                ],
              ],
            ],
            "type": "Polygon",
          ***REMOVED***,
          "center": Object {
            "coordinates": Array [
              -75.6453718684964,
              39.4419892114799,
            ],
            "type": "Point",
          ***REMOVED***,
          "polygon": Object {
            "coordinates": Array [
              Array [
                Array [
                  Array [
                    -75.6451595133313,
                    39.4418499120952,
                  ],
                  Array [
                    -75.6451533032778,
                    39.4418767064764,
                  ],
                  Array [
                    -75.6451494009962,
                    39.441903761694,
                  ],
                  Array [
                    -75.6451478217579,
                    39.4419309570368,
                  ],
                  Array [
                    -75.6451485745461,
                    39.4419581780373,
                  ],
                  Array [
                    -75.6451516539709,
                    39.4419852949662,
                  ],
                  Array [
                    -75.6451570483542,
                    39.4420121947438,
                  ],
                  Array [
                    -75.6451647325431,
                    39.442038758741,
                  ],
                  Array [
                    -75.6451746733001,
                    39.4420648697161,
                  ],
                  Array [
                    -75.6451868239126,
                    39.442090409734,
                  ],
                  Array [
                    -75.6452018185913,
                    39.4421122701503,
                  ],
                  Array [
                    -75.645658659524,
                    39.4420479376122,
                  ],
                  Array [
                    -75.6456815054783,
                    39.4419626061836,
                  ],
                  Array [
                    -75.6451595133313,
                    39.4418499120952,
                  ],
                ],
              ],
            ],
            "type": "MultiPolygon",
          ***REMOVED***,
        ***REMOVED***,
        "landUse": "residential",
        "lastUpdated": "2019-06-04T15:55:08.566254Z",
        "lotSize": 861,
        "postdirection": "S",
        "predirection": null,
        "primaryNumber": "212",
        "state": "Delaware",
        "streetName": "APPOQUIN",
        "zipCode": 19734,
      ***REMOVED***,
    ***REMOVED***,
    "type": "property",
  ***REMOVED***,
  "location": Object {
    "FSID": 100032470544,
    "city": Object {
      "FSID": 1222175,
      "Name": "Fernandina Beach",
    ***REMOVED***,
    "countyFips": 10003,
    "distance": 0,
    "elevation": 1085,
    "femaZone": null,
    "floorArea": 2228,
    "geometry": Object {
      "bounds": Object {
        "coordinates": Array [
          Array [
            Array [
              -75.6456815054783,
              39.4418499120952,
            ],
            Array [
              -75.6451478217579,
              39.4418499120952,
            ],
            Array [
              -75.6451478217579,
              39.4421122701503,
            ],
            Array [
              -75.6456815054783,
              39.4421122701503,
            ],
            Array [
              -75.6456815054783,
              39.4418499120952,
            ],
          ],
        ],
        "type": "Polygon",
      ***REMOVED***,
      "center": Object {
        "coordinates": Array [
          -75.6453718684964,
          39.4419892114799,
        ],
        "type": "Point",
      ***REMOVED***,
      "polygon": Object {
        "coordinates": Array [
          Array [
            Array [
              Array [
                -75.6451595133313,
                39.4418499120952,
              ],
              Array [
                -75.6451533032778,
                39.4418767064764,
              ],
              Array [
                -75.6451494009962,
                39.441903761694,
              ],
              Array [
                -75.6451478217579,
                39.4419309570368,
              ],
              Array [
                -75.6451485745461,
                39.4419581780373,
              ],
              Array [
                -75.6451516539709,
                39.4419852949662,
              ],
              Array [
                -75.6451570483542,
                39.4420121947438,
              ],
              Array [
                -75.6451647325431,
                39.442038758741,
              ],
              Array [
                -75.6451746733001,
                39.4420648697161,
              ],
              Array [
                -75.6451868239126,
                39.442090409734,
              ],
              Array [
                -75.6452018185913,
                39.4421122701503,
              ],
              Array [
                -75.645658659524,
                39.4420479376122,
              ],
              Array [
                -75.6456815054783,
                39.4419626061836,
              ],
              Array [
                -75.6451595133313,
                39.4418499120952,
              ],
            ],
          ],
        ],
        "type": "MultiPolygon",
      ***REMOVED***,
    ***REMOVED***,
    "landUse": "residential",
    "lastUpdated": "2019-06-04T15:55:08.566254Z",
    "lotSize": 861,
    "postdirection": "S",
    "predirection": null,
    "primaryNumber": "212",
    "state": "Delaware",
    "streetName": "APPOQUIN",
    "zipCode": 19734,
  ***REMOVED***,
***REMOVED***
`;
